[2024-12-23 21:09:07] [Script Error]: "CallCardFunction"(c9000001.initial_effect): attempt to call an error function
[2024-12-23 21:09:07] [Script Error]: "CallCardFunction"(c9000003.initial_effect): attempt to call an error function
[2024-12-23 21:09:07] [Script Error]: "CallCardFunction"(c9000002.initial_effect): attempt to call an error function
[2024-12-23 21:09:07] [Script Error]: "CallCardFunction"(c9000002.initial_effect): attempt to call an error function
[2024-12-23 21:09:07] [Script Error]: "CallCardFunction"(c9000001.initial_effect): attempt to call an error function
[2024-12-23 21:09:07] [Script Error]: "CallCardFunction"(c9000003.initial_effect): attempt to call an error function
[2024-12-23 21:09:07] [Script Error]: "CallCardFunction"(c9000002.initial_effect): attempt to call an error function
[2024-12-23 21:09:07] [Script Error]: "CallCardFunction"(c9000001.initial_effect): attempt to call an error function
[2024-12-23 21:09:07] [Script Error]: "CallCardFunction"(c9000003.initial_effect): attempt to call an error function
[2024-12-23 21:09:07] [Script Error]: "CallCardFunction"(c9000001.initial_effect): attempt to call an error function
[2024-12-23 21:09:07] [Script Error]: "CallCardFunction"(c9000003.initial_effect): attempt to call an error function
[2024-12-23 21:09:07] [Script Error]: "CallCardFunction"(c9000002.initial_effect): attempt to call an error function
[2024-12-23 21:09:07] [Script Error]: "CallCardFunction"(c9000002.initial_effect): attempt to call an error function
[2024-12-23 21:09:07] [Script Error]: "CallCardFunction"(c9000001.initial_effect): attempt to call an error function
[2024-12-23 21:09:07] [Script Error]: "CallCardFunction"(c9000003.initial_effect): attempt to call an error function
[2024-12-23 21:09:07] [Script Error]: "CallCardFunction"(c9000002.initial_effect): attempt to call an error function
[2024-12-23 21:09:07] [Script Error]: "CallCardFunction"(c9000001.initial_effect): attempt to call an error function
[2024-12-23 21:09:07] [Script Error]: "CallCardFunction"(c9000003.initial_effect): attempt to call an error function
[2024-12-23 21:23:17] [Script Error]: "CallCardFunction"(c9000001.initial_effect): attempt to call an error function
[2024-12-23 21:23:17] [Script Error]: "CallCardFunction"(c9000004.initial_effect): attempt to call an error function
[2024-12-23 21:23:17] [Script Error]: "CallCardFunction"(c9000004.initial_effect): attempt to call an error function
[2024-12-23 21:23:17] [Script Error]: "CallCardFunction"(c9000004.initial_effect): attempt to call an error function
[2024-12-23 21:23:17] [Script Error]: "CallCardFunction"(c9000001.initial_effect): attempt to call an error function
[2024-12-23 21:23:17] [Script Error]: "CallCardFunction"(c9000001.initial_effect): attempt to call an error function
[2024-12-23 21:23:17] [Script Error]: "CallCardFunction"(c9000001.initial_effect): attempt to call an error function
[2024-12-23 21:23:17] [Script Error]: "CallCardFunction"(c9000004.initial_effect): attempt to call an error function
[2024-12-23 21:23:17] [Script Error]: "CallCardFunction"(c9000004.initial_effect): attempt to call an error function
[2024-12-23 21:23:17] [Script Error]: "CallCardFunction"(c9000004.initial_effect): attempt to call an error function
[2024-12-23 21:23:17] [Script Error]: "CallCardFunction"(c9000001.initial_effect): attempt to call an error function
[2024-12-23 21:23:17] [Script Error]: "CallCardFunction"(c9000001.initial_effect): attempt to call an error function
[2024-12-23 21:23:51] [Script Error]: "CallCardFunction"(c9000001.initial_effect): attempt to call an error function
[2024-12-23 21:23:51] [Script Error]: "CallCardFunction"(c9000001.initial_effect): attempt to call an error function
[2024-12-23 21:23:51] [Script Error]: "CallCardFunction"(c9000001.initial_effect): attempt to call an error function
[2024-12-23 21:23:51] [Script Error]: "CallCardFunction"(c9000001.initial_effect): attempt to call an error function
[2024-12-23 21:23:51] [Script Error]: "CallCardFunction"(c9000001.initial_effect): attempt to call an error function
[2024-12-23 21:23:51] [Script Error]: "CallCardFunction"(c9000001.initial_effect): attempt to call an error function
[2024-12-23 21:24:07] [Script Error]: "CallCardFunction"(c9000001.initial_effect): attempt to call an error function
[2024-12-23 21:24:07] [Script Error]: "CallCardFunction"(c9000001.initial_effect): attempt to call an error function
[2024-12-23 21:24:07] [Script Error]: "CallCardFunction"(c9000001.initial_effect): attempt to call an error function
[2024-12-23 21:24:07] [Script Error]: "CallCardFunction"(c9000001.initial_effect): attempt to call an error function
[2024-12-23 21:24:07] [Script Error]: "CallCardFunction"(c9000001.initial_effect): attempt to call an error function
[2024-12-23 21:24:07] [Script Error]: "CallCardFunction"(c9000001.initial_effect): attempt to call an error function
[2024-12-23 21:31:01] [Script Error]: "CallCardFunction"(c9000001.initial_effect): attempt to call an error function
[2024-12-23 21:31:01] [Script Error]: "CallCardFunction"(c9000001.initial_effect): attempt to call an error function
[2024-12-23 21:31:01] [Script Error]: "CallCardFunction"(c9000001.initial_effect): attempt to call an error function
[2024-12-23 21:31:01] [Script Error]: "CallCardFunction"(c9000001.initial_effect): attempt to call an error function
[2024-12-23 21:31:01] [Script Error]: "CallCardFunction"(c9000001.initial_effect): attempt to call an error function
[2024-12-23 21:31:01] [Script Error]: "CallCardFunction"(c9000001.initial_effect): attempt to call an error function
[2024-12-23 21:32:34] [Script Error]: [string "c9000001.lua"]:83: attempt to call a nil value (field 'SetTargetGroup')
[2024-12-23 21:32:35] [Script Error]: [string "c9000001.lua"]:88: attempt to call a nil value (field 'GetTargetGroup')
[2024-12-23 21:40:16] [Script Error]: [string "c9000001.lua"]:8: attempt to call a nil value (field 'LoadCounter')
[2024-12-23 21:40:16] [Script Error]: "CallCardFunction"(c9000001.initial_effect): attempt to call an error function
[2024-12-23 21:40:16] [Script Error]: "CallCardFunction"(c9000001.initial_effect): attempt to call an error function
[2024-12-23 21:40:16] [Script Error]: "CallCardFunction"(c9000001.initial_effect): attempt to call an error function
[2024-12-23 21:40:16] [Script Error]: "CallCardFunction"(c9000001.initial_effect): attempt to call an error function
[2024-12-23 21:40:16] [Script Error]: "CallCardFunction"(c9000001.initial_effect): attempt to call an error function
[2024-12-23 21:40:16] [Script Error]: "CallCardFunction"(c9000001.initial_effect): attempt to call an error function
[2024-12-23 21:50:21] [Script Error]: [string "c9000004.lua"]:16: Parameter 2 should be "Int" but is "nil".
[2024-12-23 21:50:21] [Script Error]: [string "c9000004.lua"]:16: Parameter 2 should be "Int" but is "nil".
[2024-12-23 21:50:21] [Script Error]: [string "c9000004.lua"]:16: Parameter 2 should be "Int" but is "nil".
[2024-12-23 21:50:21] [Script Error]: [string "c9000004.lua"]:16: Parameter 2 should be "Int" but is "nil".
[2024-12-23 21:50:21] [Script Error]: [string "c9000004.lua"]:16: Parameter 2 should be "Int" but is "nil".
[2024-12-23 21:50:21] [Script Error]: [string "c9000004.lua"]:16: Parameter 2 should be "Int" but is "nil".
[2024-12-23 22:29:53] [Script Error]: stack traceback:
[2024-12-23 22:29:53] [Script Error]: 	[string "c9000003.lua"]:54: in function <[string "c9000003.lua"]:53>
[2024-12-23 22:29:53] [Script Error]: [string "c9000003.lua"]:50: Parameter 2 should be "Int" but is "nil".
[2024-12-23 23:03:15] [Script Error]: stack traceback:
[2024-12-23 23:03:15] [Script Error]: 	[string "utility.lua"]:2438: in field 'GoatConfirm'
[2024-12-23 23:03:15] [Script Error]: 	[string "c9000003.lua"]:134: in function <[string "c9000003.lua"]:120>
[2024-12-23 23:03:15] [Script Error]: [string "utility.lua"]:2438: At least 1 parameter should be "Group".
[2026-04-28 20:41:42] Couldn't load texture: cover
[2026-04-28 20:41:45] Exception occurred in repo https://github.com/ProjectIgnis/Puzzles: indexer progress callback returned -1
[2026-04-28 20:41:45] Exception occurred in repo https://github.com/ProjectIgnis/DeltaBagooska: indexer progress callback returned -1
[2026-04-28 20:41:45] Exception occurred in repo https://github.com/ProjectIgnis/LFLists: indexer progress callback returned -1
